

HI-TECH Software PIC LITE Macro Assembler V9.82 build 9453 
                                                                                               Thu Nov 26 18:49:32 2020

HI-TECH Software Omniscient Code Generator (Lite mode) build 9453
     1  0000                     opt subtitle "HI-TECH Software Omniscient Code Generator (Lite mode) build 9453"
     2                           
     3                           opt pagewidth 120
     4                           
     5                           	opt lm
     6                           
     7                           	processor	16F88
     8                           clrc	macro
     9                           	bcf	3,0
    10  0000                     	endm
    11                           clrz	macro
    12                           	bcf	3,2
    13  0000                     	endm
    14                           setc	macro
    15                           	bsf	3,0
    16  0000                     	endm
    17                           setz	macro
    18                           	bsf	3,2
    19  0000                     	endm
    20                           skipc	macro
    21                           	btfss	3,0
    22  0000                     	endm
    23                           skipz	macro
    24                           	btfss	3,2
    25  0000                     	endm
    26                           skipnc	macro
    27                           	btfsc	3,0
    28  0000                     	endm
    29                           skipnz	macro
    30                           	btfsc	3,2
    31  0000                     	endm
    32  0000                     indf	equ	0
    33  0000                     indf0	equ	0
    34  0002                     pc	equ	2
    35  0002                     pcl	equ	2
    36  0003                     status	equ	3
    37  0004                     fsr	equ	4
    38  0004                     fsr0	equ	4
    39  0001                     c	equ	1
    40  0000                     z	equ	0
    41  000A                     pclath	equ	10
    42                           # 6 "C:\Users\matti\Documents\Scuola\Classi\5a_AUTELT\TPS\Apertura_Cancello\Programma\Ap
                                 riCancello.c"
    43                           	psect config,class=CONFIG,delta=2 ;#
    44                           # 6 "C:\Users\matti\Documents\Scuola\Classi\5a_AUTELT\TPS\Apertura_Cancello\Programma\Ap
                                 riCancello.c"
    45  2007  3F61               	dw 0x3F61 ;#
    46                           	FNROOT	_main
    47                           	FNCALL	intlevel1,_irq
    48                           	global	intlevel1
    49                           	FNROOT	intlevel1
    50                           	global	_ACT_TMR0
    51                           	global	_LMP_TMR0
    52                           	global	_STATO
    53                           	global	_PORTA
    54                           psect	maintext,global,class=CODE,delta=2
    55                           global __pmaintext
    56  0013                     __pmaintext:
    57  0005                     _PORTA	set	5
    58                           	global	_PORTB
    59  0006                     _PORTB	set	6
    60                           	global	_TMR0
    61  0001                     _TMR0	set	1
    62                           	global	_CARRY
    63  0018                     _CARRY	set	24
    64                           	global	_GIE
    65  005F                     _GIE	set	95
    66                           	global	_RA0
    67  0028                     _RA0	set	40
    68                           	global	_RA1
    69  0029                     _RA1	set	41
    70                           	global	_RA2
    71  002A                     _RA2	set	42
    72                           	global	_RA3
    73  002B                     _RA3	set	43
    74                           	global	_RA4
    75  002C                     _RA4	set	44
    76                           	global	_RB0
    77  0030                     _RB0	set	48
    78                           	global	_RB1
    79  0031                     _RB1	set	49
    80                           	global	_RB2
    81  0032                     _RB2	set	50
    82                           	global	_TMR0IE
    83  005D                     _TMR0IE	set	93
    84                           	global	_TMR0IF
    85  005A                     _TMR0IF	set	90
    86                           	global	_ANSEL
    87  009B                     _ANSEL	set	155
    88                           	global	_OPTION_REG
    89  0081                     _OPTION_REG	set	129
    90                           	global	_TRISA
    91  0085                     _TRISA	set	133
    92                           	global	_TRISB
    93  0086                     _TRISB	set	134
    94                           	global	_PS0
    95  0408                     _PS0	set	1032
    96                           	global	_PS1
    97  0409                     _PS1	set	1033
    98                           	global	_PS2
    99  040A                     _PS2	set	1034
   100                           	global	_PSA
   101  040B                     _PSA	set	1035
   102                           	global	_T0CS
   103  040D                     _T0CS	set	1037
   104                           	global	_EEADR
   105  010D                     _EEADR	set	269
   106                           	global	_EEDATA
   107  010C                     _EEDATA	set	268
   108                           	global	_EECON1
   109  018C                     _EECON1	set	396
   110                           	global	_EECON2
   111  018D                     _EECON2	set	397
   112                           	global	_RD
   113  0C60                     _RD	set	3168
   114                           	global	_WR
   115  0C61                     _WR	set	3169
   116                           	global	_WREN
   117  0C62                     _WREN	set	3170
   118                           	file	"ApriCancello.as"
   119                           	line	#
   120                           psect cinit,class=CODE,delta=2
   121                           global start_initialization
   122  0139                     start_initialization:
   123                           
   124                           psect	bssCOMMON,class=COMMON,space=1
   125                           global __pbssCOMMON
   126  0070                     __pbssCOMMON:
   127  0070                     _ACT_TMR0:
   128  0070                            ds      2
   129                           
   130  0072                     _LMP_TMR0:
   131  0072                            ds      2
   132                           
   133  0074                     _STATO:
   134  0074                            ds      1
   135                           
   136                           ; Clear objects allocated to COMMON
   137                           psect cinit,class=CODE,delta=2
   138  0139  01F0               	clrf	((__pbssCOMMON)+0)&07Fh
   139  013A  01F1               	clrf	((__pbssCOMMON)+1)&07Fh
   140  013B  01F2               	clrf	((__pbssCOMMON)+2)&07Fh
   141  013C  01F3               	clrf	((__pbssCOMMON)+3)&07Fh
   142  013D  01F4               	clrf	((__pbssCOMMON)+4)&07Fh
   143                           psect cinit,class=CODE,delta=2
   144                           global end_of_initialization
   145                           
   146                           ;End of C runtime variable initialization code
   147                           
   148  013E                     end_of_initialization:
   149  013E  0183               clrf status
   150  013F  118A  2813         ljmp _main	;jump to C main() function
   151                           psect	cstackCOMMON,class=COMMON,space=1
   152                           global __pcstackCOMMON
   153  0075                     __pcstackCOMMON:
   154                           	global	?_main
   155  0075                     ?_main:	; 0 bytes @ 0x0
   156                           	global	?_irq
   157  0075                     ?_irq:	; 0 bytes @ 0x0
   158                           	global	??_irq
   159  0075                     ??_irq:	; 0 bytes @ 0x0
   160  0075                     	ds	4
   161                           	global	??_main
   162  0079                     ??_main:	; 0 bytes @ 0x4
   163  0079                     	ds	1
   164 ;;Data sizes: Strings 0, constant 0, data 0, bss 5, persistent 0 stack 0
   165 ;;Auto spaces:   Size  Autos    Used
   166 ;; COMMON          14      5      10
   167 ;; BANK0           80      0       0
   168 ;; BANK1           80      0       0
   169 ;; BANK3           96      0       0
   170 ;; BANK2           96      0       0
   171                           
   172 ;;
   173 ;; Pointer list with targets:
   174                           
   175                           
   176                           
   177 ;;
   178 ;; Critical Paths under _main in COMMON
   179 ;;
   180 ;;   None.
   181 ;;
   182 ;; Critical Paths under _irq in COMMON
   183 ;;
   184 ;;   None.
   185 ;;
   186 ;; Critical Paths under _main in BANK0
   187 ;;
   188 ;;   None.
   189 ;;
   190 ;; Critical Paths under _irq in BANK0
   191 ;;
   192 ;;   None.
   193 ;;
   194 ;; Critical Paths under _main in BANK1
   195 ;;
   196 ;;   None.
   197 ;;
   198 ;; Critical Paths under _irq in BANK1
   199 ;;
   200 ;;   None.
   201 ;;
   202 ;; Critical Paths under _main in BANK3
   203 ;;
   204 ;;   None.
   205 ;;
   206 ;; Critical Paths under _irq in BANK3
   207 ;;
   208 ;;   None.
   209 ;;
   210 ;; Critical Paths under _main in BANK2
   211 ;;
   212 ;;   None.
   213 ;;
   214 ;; Critical Paths under _irq in BANK2
   215 ;;
   216 ;;   None.
   217                           
   218 ;;
   219 ;;Main: autosize = 0, tempsize = 1, incstack = 0, save=0
   220 ;;
   221                           
   222 ;;
   223 ;;Call Graph Tables:
   224 ;;
   225 ;; ---------------------------------------------------------------------------------
   226 ;; (Depth) Function   	        Calls       Base Space   Used Autos Params    Refs
   227 ;; ---------------------------------------------------------------------------------
   228 ;; (0) _main                                                 1     1      0       0
   229 ;;                                              4 COMMON     1     1      0
   230 ;; ---------------------------------------------------------------------------------
   231 ;; Estimated maximum stack depth 0
   232 ;; ---------------------------------------------------------------------------------
   233 ;; (Depth) Function   	        Calls       Base Space   Used Autos Params    Refs
   234 ;; ---------------------------------------------------------------------------------
   235 ;; (1) _irq                                                  4     4      0       0
   236 ;;                                              0 COMMON     4     4      0
   237 ;; ---------------------------------------------------------------------------------
   238 ;; Estimated maximum stack depth 1
   239 ;; ---------------------------------------------------------------------------------
   240                           
   241 ;; Call Graph Graphs:
   242                           
   243 ;; _main (ROOT)
   244 ;;
   245 ;; _irq (ROOT)
   246 ;;
   247                           
   248 ;; Address spaces:
   249                           
   250 ;;Name               Size   Autos  Total    Cost      Usage
   251 ;;BITCOMMON            E      0       0       0        0.0%
   252 ;;EEDATA             100      0       0       0        0.0%
   253 ;;NULL                 0      0       0       0        0.0%
   254 ;;CODE                 0      0       0       0        0.0%
   255 ;;COMMON               E      5       A       1       71.4%
   256 ;;BITSFR0              0      0       0       1        0.0%
   257 ;;SFR0                 0      0       0       1        0.0%
   258 ;;BITSFR1              0      0       0       2        0.0%
   259 ;;SFR1                 0      0       0       2        0.0%
   260 ;;STACK                0      0       0       2        0.0%
   261 ;;ABS                  0      0       A       3        0.0%
   262 ;;BITBANK0            50      0       0       4        0.0%
   263 ;;BITSFR3              0      0       0       4        0.0%
   264 ;;SFR3                 0      0       0       4        0.0%
   265 ;;BANK0               50      0       0       5        0.0%
   266 ;;BITSFR2              0      0       0       5        0.0%
   267 ;;SFR2                 0      0       0       5        0.0%
   268 ;;BITBANK1            50      0       0       6        0.0%
   269 ;;BANK1               50      0       0       7        0.0%
   270 ;;BITBANK3            60      0       0       8        0.0%
   271 ;;BANK3               60      0       0       9        0.0%
   272 ;;BITBANK2            60      0       0      10        0.0%
   273 ;;BANK2               60      0       0      11        0.0%
   274 ;;DATA                 0      0       A      12        0.0%
   275                           
   276                           	global	_main
   277                           psect	maintext
   278                           
   279 ;; *************** function _main *****************
   280 ;; Defined at:
   281 ;;		line 35 in file "C:\Users\matti\Documents\Scuola\Classi\5a_AUTELT\TPS\Apertura_Cancello\Programma\ApriCancello.c"
   282 ;; Parameters:    Size  Location     Type
   283 ;;		None
   284 ;; Auto vars:     Size  Location     Type
   285 ;;		None
   286 ;; Return value:  Size  Location     Type
   287 ;;		None               void
   288 ;; Registers used:
   289 ;;		wreg, fsr0l, fsr0h, status,2, status,0
   290 ;; Tracked objects:
   291 ;;		On entry : 17F/0
   292 ;;		On exit  : 0/0
   293 ;;		Unchanged: 0/0
   294 ;; Data sizes:     COMMON   BANK0   BANK1   BANK3   BANK2
   295 ;;      Params:         0       0       0       0       0
   296 ;;      Locals:         0       0       0       0       0
   297 ;;      Temps:          1       0       0       0       0
   298 ;;      Totals:         1       0       0       0       0
   299 ;;Total ram usage:        1 bytes
   300 ;; Hardware stack levels required when called:    1
   301 ;; This function calls:
   302 ;;		Nothing
   303 ;; This function is called by:
   304 ;;		Startup code after reset
   305 ;; This function uses a non-reentrant model
   306 ;;
   307                           psect	maintext
   308                           	file	"C:\Users\matti\Documents\Scuola\Classi\5a_AUTELT\TPS\Apertura_Cancello\Programma\
                                 ApriCancello.c"
   309                           	line	35
   310                           	global	__size_of_main
   311  00EE                     	__size_of_main	equ	__end_of_main-_main
   312                           	
   313  0013                     _main:	
   314                           	opt	stack 7
   315                           ; Regs used in _main: [wreg-fsr0h+status,2+status,0]
   316                           	line	38
   317                           	
   318  0013                     l1614:	
   319                           ;ApriCancello.c: 38: ANSEL = 0;
   320  0013  1683               	bsf	status, 5	;RP0=1, select bank1
   321  0014  1303               	bcf	status, 6	;RP1=0, select bank1
   322  0015  019B               	clrf	(155)^080h	;volatile
   323                           	line	39
   324                           ;ApriCancello.c: 39: OPTION_REG = 0;
   325  0016  0181               	clrf	(129)^080h	;volatile
   326                           	line	42
   327                           	
   328  0017                     l1616:	
   329                           ;ApriCancello.c: 42: TRISA = 0b00011111;
   330  0017  301F               	movlw	(01Fh)
   331  0018  0085               	movwf	(133)^080h	;volatile
   332                           	line	43
   333                           	
   334  0019                     l1618:	
   335                           ;ApriCancello.c: 43: PORTA = 0;
   336  0019  1283               	bcf	status, 5	;RP0=0, select bank0
   337  001A  1303               	bcf	status, 6	;RP1=0, select bank0
   338  001B  0185               	clrf	(5)	;volatile
   339                           	line	44
   340                           	
   341  001C                     l1620:	
   342                           ;ApriCancello.c: 44: TRISB = 0b00000000;
   343  001C  1683               	bsf	status, 5	;RP0=1, select bank1
   344  001D  1303               	bcf	status, 6	;RP1=0, select bank1
   345  001E  0186               	clrf	(134)^080h	;volatile
   346                           	line	45
   347                           	
   348  001F                     l1622:	
   349                           ;ApriCancello.c: 45: PORTB = 0;
   350  001F  1283               	bcf	status, 5	;RP0=0, select bank0
   351  0020  1303               	bcf	status, 6	;RP1=0, select bank0
   352  0021  0186               	clrf	(6)	;volatile
   353                           	line	56
   354                           	
   355  0022                     l1624:	
   356                           ;ApriCancello.c: 56: T0CS = 0;
   357  0022  1683               	bsf	status, 5	;RP0=1, select bank1
   358  0023  1303               	bcf	status, 6	;RP1=0, select bank1
   359  0024  1281               	bcf	(1037/8)^080h,(1037)&7
   360                           	line	57
   361                           	
   362  0025                     l1626:	
   363                           ;ApriCancello.c: 57: PSA = 0;
   364  0025  1181               	bcf	(1035/8)^080h,(1035)&7
   365                           	line	59
   366                           	
   367  0026                     l1628:	
   368                           ;ApriCancello.c: 59: PS0 = 1;
   369  0026  1401               	bsf	(1032/8)^080h,(1032)&7
   370                           	line	60
   371                           	
   372  0027                     l1630:	
   373                           ;ApriCancello.c: 60: PS1 = 1;
   374  0027  1481               	bsf	(1033/8)^080h,(1033)&7
   375                           	line	61
   376                           	
   377  0028                     l1632:	
   378                           ;ApriCancello.c: 61: PS2 = 1;
   379  0028  1501               	bsf	(1034/8)^080h,(1034)&7
   380                           	line	64
   381                           ;ApriCancello.c: 64: TMR0 = 60;
   382  0029  303C               	movlw	(03Ch)
   383  002A  1283               	bcf	status, 5	;RP0=0, select bank0
   384  002B  1303               	bcf	status, 6	;RP1=0, select bank0
   385  002C  0081               	movwf	(1)	;volatile
   386                           	line	67
   387                           	
   388  002D                     l1634:	
   389                           ;ApriCancello.c: 67: TMR0IE = 1;
   390  002D  168B               	bsf	(93/8),(93)&7
   391                           	line	69
   392                           	
   393  002E                     l1636:	
   394                           ;ApriCancello.c: 69: GIE = 1;
   395  002E  178B               	bsf	(95/8),(95)&7
   396                           	line	71
   397                           	
   398  002F                     l1638:	
   399                           ;ApriCancello.c: 71: STATO = 0;
   400  002F  01F4               	clrf	(_STATO)
   401  0030  28F1               	goto	l1710
   402                           	line	74
   403                           ;ApriCancello.c: 74: while (1)
   404                           	
   405  0031                     l607:	
   406                           	line	77
   407                           ;ApriCancello.c: 75: {
   408                           ;ApriCancello.c: 77: switch(STATO)
   409  0031  28F1               	goto	l1710
   410                           	line	79
   411                           ;ApriCancello.c: 78: {
   412                           ;ApriCancello.c: 79: case 0:
   413                           	
   414  0032                     l609:	
   415                           	line	81
   416                           ;ApriCancello.c: 81: RB1 = 0;
   417  0032  1283               	bcf	status, 5	;RP0=0, select bank0
   418  0033  1303               	bcf	status, 6	;RP1=0, select bank0
   419  0034  1086               	bcf	(49/8),(49)&7
   420                           	line	82
   421                           ;ApriCancello.c: 82: RB2 = 0;
   422  0035  1106               	bcf	(50/8),(50)&7
   423                           	line	85
   424                           ;ApriCancello.c: 85: if (RA0 == 1)
   425  0036  1C05               	btfss	(40/8),(40)&7
   426  0037  2839               	goto	u11
   427  0038  283A               	goto	u10
   428  0039                     u11:
   429  0039  28F1               	goto	l1710
   430  003A                     u10:
   431                           	line	87
   432                           	
   433  003A                     l1640:	
   434                           ;ApriCancello.c: 86: {
   435                           ;ApriCancello.c: 87: STATO = 1;
   436  003A  01F4               	clrf	(_STATO)
   437  003B  1403               	bsf	status,0
   438  003C  0DF4               	rlf	(_STATO),f
   439  003D  28F1               	goto	l1710
   440                           	line	88
   441                           	
   442  003E                     l610:	
   443                           	line	89
   444                           ;ApriCancello.c: 88: }
   445                           ;ApriCancello.c: 89: break;
   446  003E  28F1               	goto	l1710
   447                           	line	91
   448                           ;ApriCancello.c: 91: case 1:
   449                           	
   450  003F                     l612:	
   451                           	line	93
   452                           ;ApriCancello.c: 93: if(RB0 == 0)
   453  003F  1283               	bcf	status, 5	;RP0=0, select bank0
   454  0040  1303               	bcf	status, 6	;RP1=0, select bank0
   455  0041  1806               	btfsc	(48/8),(48)&7
   456  0042  2844               	goto	u21
   457  0043  2845               	goto	u20
   458  0044                     u21:
   459  0044  284B               	goto	l613
   460  0045                     u20:
   461                           	line	96
   462                           	
   463  0045                     l1642:	
   464                           ;ApriCancello.c: 94: {
   465                           ;ApriCancello.c: 96: RB0 = 1;
   466  0045  1406               	bsf	(48/8),(48)&7
   467                           	line	97
   468                           	
   469  0046                     l1644:	
   470                           ;ApriCancello.c: 97: LMP_TMR0 = 20;
   471  0046  3014               	movlw	low(014h)
   472  0047  00F2               	movwf	(_LMP_TMR0)
   473  0048  3000               	movlw	high(014h)
   474  0049  00F3               	movwf	((_LMP_TMR0))+1
   475                           	line	98
   476                           ;ApriCancello.c: 98: }
   477  004A  2851               	goto	l1648
   478                           	line	99
   479                           	
   480  004B                     l613:	
   481                           	line	102
   482                           ;ApriCancello.c: 99: else
   483                           ;ApriCancello.c: 100: {
   484                           ;ApriCancello.c: 102: RB0 = 0;
   485  004B  1006               	bcf	(48/8),(48)&7
   486                           	line	103
   487                           	
   488  004C                     l1646:	
   489                           ;ApriCancello.c: 103: LMP_TMR0 = 20;
   490  004C  3014               	movlw	low(014h)
   491  004D  00F2               	movwf	(_LMP_TMR0)
   492  004E  3000               	movlw	high(014h)
   493  004F  00F3               	movwf	((_LMP_TMR0))+1
   494  0050  2851               	goto	l1648
   495                           	line	104
   496                           	
   497  0051                     l614:	
   498                           	line	107
   499                           	
   500  0051                     l1648:	
   501                           ;ApriCancello.c: 104: }
   502                           ;ApriCancello.c: 107: RB1 = 1;
   503  0051  1486               	bsf	(49/8),(49)&7
   504                           	line	108
   505                           	
   506  0052                     l1650:	
   507                           ;ApriCancello.c: 108: RB2 = 0;
   508  0052  1106               	bcf	(50/8),(50)&7
   509                           	line	111
   510                           	
   511  0053                     l1652:	
   512                           ;ApriCancello.c: 111: if (RA0 == 1)
   513  0053  1C05               	btfss	(40/8),(40)&7
   514  0054  2856               	goto	u31
   515  0055  2857               	goto	u30
   516  0056                     u31:
   517  0056  285C               	goto	l1656
   518  0057                     u30:
   519                           	line	113
   520                           	
   521  0057                     l1654:	
   522                           ;ApriCancello.c: 112: {
   523                           ;ApriCancello.c: 113: STATO = 4;
   524  0057  3004               	movlw	(04h)
   525  0058  00F9               	movwf	(??_main+0)+0
   526  0059  0879               	movf	(??_main+0)+0,w
   527  005A  00F4               	movwf	(_STATO)
   528  005B  285C               	goto	l1656
   529                           	line	114
   530                           	
   531  005C                     l615:	
   532                           	line	117
   533                           	
   534  005C                     l1656:	
   535                           ;ApriCancello.c: 114: }
   536                           ;ApriCancello.c: 117: if (RA1 == 0)
   537  005C  1885               	btfsc	(41/8),(41)&7
   538  005D  285F               	goto	u41
   539  005E  2860               	goto	u40
   540  005F                     u41:
   541  005F  2865               	goto	l1660
   542  0060                     u40:
   543                           	line	119
   544                           	
   545  0060                     l1658:	
   546                           ;ApriCancello.c: 118: {
   547                           ;ApriCancello.c: 119: STATO = 5;
   548  0060  3005               	movlw	(05h)
   549  0061  00F9               	movwf	(??_main+0)+0
   550  0062  0879               	movf	(??_main+0)+0,w
   551  0063  00F4               	movwf	(_STATO)
   552  0064  2865               	goto	l1660
   553                           	line	120
   554                           	
   555  0065                     l616:	
   556                           	line	123
   557                           	
   558  0065                     l1660:	
   559                           ;ApriCancello.c: 120: }
   560                           ;ApriCancello.c: 123: if (RA3 == 0)
   561  0065  1985               	btfsc	(43/8),(43)&7
   562  0066  2868               	goto	u51
   563  0067  2869               	goto	u50
   564  0068                     u51:
   565  0068  28F1               	goto	l1710
   566  0069                     u50:
   567                           	line	126
   568                           	
   569  0069                     l1662:	
   570                           ;ApriCancello.c: 124: {
   571                           ;ApriCancello.c: 126: RB1 = 0;
   572  0069  1086               	bcf	(49/8),(49)&7
   573                           	line	127
   574                           ;ApriCancello.c: 127: RB2 = 0;
   575  006A  1106               	bcf	(50/8),(50)&7
   576                           	line	129
   577                           ;ApriCancello.c: 129: RB0 = 0;
   578  006B  1006               	bcf	(48/8),(48)&7
   579                           	line	130
   580                           	
   581  006C                     l1664:	
   582                           ;ApriCancello.c: 130: STATO = 2;
   583  006C  3002               	movlw	(02h)
   584  006D  00F9               	movwf	(??_main+0)+0
   585  006E  0879               	movf	(??_main+0)+0,w
   586  006F  00F4               	movwf	(_STATO)
   587  0070  28F1               	goto	l1710
   588                           	line	131
   589                           	
   590  0071                     l617:	
   591                           	line	132
   592                           ;ApriCancello.c: 131: }
   593                           ;ApriCancello.c: 132: break;
   594  0071  28F1               	goto	l1710
   595                           	line	134
   596                           ;ApriCancello.c: 134: case 2:
   597                           	
   598  0072                     l618:	
   599                           	line	136
   600                           ;ApriCancello.c: 136: if (RA0 == 1)
   601  0072  1283               	bcf	status, 5	;RP0=0, select bank0
   602  0073  1303               	bcf	status, 6	;RP1=0, select bank0
   603  0074  1C05               	btfss	(40/8),(40)&7
   604  0075  2877               	goto	u61
   605  0076  2878               	goto	u60
   606  0077                     u61:
   607  0077  287D               	goto	l1668
   608  0078                     u60:
   609                           	line	138
   610                           	
   611  0078                     l1666:	
   612                           ;ApriCancello.c: 137: {
   613                           ;ApriCancello.c: 138: STATO = 3;
   614  0078  3003               	movlw	(03h)
   615  0079  00F9               	movwf	(??_main+0)+0
   616  007A  0879               	movf	(??_main+0)+0,w
   617  007B  00F4               	movwf	(_STATO)
   618  007C  287D               	goto	l1668
   619                           	line	139
   620                           	
   621  007D                     l619:	
   622                           	line	142
   623                           	
   624  007D                     l1668:	
   625                           ;ApriCancello.c: 139: }
   626                           ;ApriCancello.c: 142: if (ACT_TMR0 == 0)
   627  007D  0871               	movf	((_ACT_TMR0+1)),w
   628  007E  0470               	iorwf	((_ACT_TMR0)),w
   629  007F  1D03               	skipz
   630  0080  2882               	goto	u71
   631  0081  2883               	goto	u70
   632  0082                     u71:
   633  0082  28F1               	goto	l1710
   634  0083                     u70:
   635                           	line	144
   636                           	
   637  0083                     l1670:	
   638                           ;ApriCancello.c: 143: {
   639                           ;ApriCancello.c: 144: ACT_TMR0 = 600;
   640  0083  3058               	movlw	low(0258h)
   641  0084  00F0               	movwf	(_ACT_TMR0)
   642  0085  3002               	movlw	high(0258h)
   643  0086  00F1               	movwf	((_ACT_TMR0))+1
   644                           	line	145
   645                           ;ApriCancello.c: 145: STATO = 3;
   646  0087  3003               	movlw	(03h)
   647  0088  00F9               	movwf	(??_main+0)+0
   648  0089  0879               	movf	(??_main+0)+0,w
   649  008A  00F4               	movwf	(_STATO)
   650  008B  28F1               	goto	l1710
   651                           	line	146
   652                           	
   653  008C                     l620:	
   654                           	line	147
   655                           ;ApriCancello.c: 146: }
   656                           ;ApriCancello.c: 147: break;
   657  008C  28F1               	goto	l1710
   658                           	line	149
   659                           ;ApriCancello.c: 149: case 3:
   660                           	
   661  008D                     l621:	
   662                           	line	151
   663                           ;ApriCancello.c: 151: if(RB0 == 0)
   664  008D  1283               	bcf	status, 5	;RP0=0, select bank0
   665  008E  1303               	bcf	status, 6	;RP1=0, select bank0
   666  008F  1806               	btfsc	(48/8),(48)&7
   667  0090  2892               	goto	u81
   668  0091  2893               	goto	u80
   669  0092                     u81:
   670  0092  2899               	goto	l622
   671  0093                     u80:
   672                           	line	154
   673                           	
   674  0093                     l1672:	
   675                           ;ApriCancello.c: 152: {
   676                           ;ApriCancello.c: 154: RB0 = 1;
   677  0093  1406               	bsf	(48/8),(48)&7
   678                           	line	155
   679                           	
   680  0094                     l1674:	
   681                           ;ApriCancello.c: 155: LMP_TMR0 = 20;
   682  0094  3014               	movlw	low(014h)
   683  0095  00F2               	movwf	(_LMP_TMR0)
   684  0096  3000               	movlw	high(014h)
   685  0097  00F3               	movwf	((_LMP_TMR0))+1
   686                           	line	156
   687                           ;ApriCancello.c: 156: }
   688  0098  289F               	goto	l1678
   689                           	line	157
   690                           	
   691  0099                     l622:	
   692                           	line	160
   693                           ;ApriCancello.c: 157: else
   694                           ;ApriCancello.c: 158: {
   695                           ;ApriCancello.c: 160: RB0 = 0;
   696  0099  1006               	bcf	(48/8),(48)&7
   697                           	line	161
   698                           	
   699  009A                     l1676:	
   700                           ;ApriCancello.c: 161: LMP_TMR0 = 20;
   701  009A  3014               	movlw	low(014h)
   702  009B  00F2               	movwf	(_LMP_TMR0)
   703  009C  3000               	movlw	high(014h)
   704  009D  00F3               	movwf	((_LMP_TMR0))+1
   705  009E  289F               	goto	l1678
   706                           	line	162
   707                           	
   708  009F                     l623:	
   709                           	line	165
   710                           	
   711  009F                     l1678:	
   712                           ;ApriCancello.c: 162: }
   713                           ;ApriCancello.c: 165: RB1 = 0;
   714  009F  1086               	bcf	(49/8),(49)&7
   715                           	line	166
   716                           	
   717  00A0                     l1680:	
   718                           ;ApriCancello.c: 166: RB2 = 1;
   719  00A0  1506               	bsf	(50/8),(50)&7
   720                           	line	169
   721                           	
   722  00A1                     l1682:	
   723                           ;ApriCancello.c: 169: if (RA0 == 1 || RA2 == 0)
   724  00A1  1805               	btfsc	(40/8),(40)&7
   725  00A2  28A4               	goto	u91
   726  00A3  28A5               	goto	u90
   727  00A4                     u91:
   728  00A4  28A9               	goto	l626
   729  00A5                     u90:
   730                           	
   731  00A5                     l1684:	
   732  00A5  1905               	btfsc	(42/8),(42)&7
   733  00A6  28A8               	goto	u101
   734  00A7  28A9               	goto	u100
   735  00A8                     u101:
   736  00A8  28BA               	goto	l1692
   737  00A9                     u100:
   738                           	
   739  00A9                     l626:	
   740                           	line	172
   741                           ;ApriCancello.c: 170: {
   742                           ;ApriCancello.c: 172: RB1 = 0;
   743  00A9  1086               	bcf	(49/8),(49)&7
   744                           	line	173
   745                           ;ApriCancello.c: 173: RB2 = 0;
   746  00AA  1106               	bcf	(50/8),(50)&7
   747                           	line	176
   748                           	
   749  00AB                     l1686:	
   750                           ;ApriCancello.c: 176: if (ACT_TMR0 == 0)
   751  00AB  0871               	movf	((_ACT_TMR0+1)),w
   752  00AC  0470               	iorwf	((_ACT_TMR0)),w
   753  00AD  1D03               	skipz
   754  00AE  28B0               	goto	u111
   755  00AF  28B1               	goto	u110
   756  00B0                     u111:
   757  00B0  28BA               	goto	l1692
   758  00B1                     u110:
   759                           	line	178
   760                           	
   761  00B1                     l1688:	
   762                           ;ApriCancello.c: 177: {
   763                           ;ApriCancello.c: 178: ACT_TMR0 = 40;
   764  00B1  3028               	movlw	low(028h)
   765  00B2  00F0               	movwf	(_ACT_TMR0)
   766  00B3  3000               	movlw	high(028h)
   767  00B4  00F1               	movwf	((_ACT_TMR0))+1
   768                           	line	179
   769                           	
   770  00B5                     l1690:	
   771                           ;ApriCancello.c: 179: STATO = 1;
   772  00B5  01F4               	clrf	(_STATO)
   773  00B6  1403               	bsf	status,0
   774  00B7  0DF4               	rlf	(_STATO),f
   775  00B8  28BA               	goto	l1692
   776                           	line	180
   777                           	
   778  00B9                     l627:	
   779  00B9  28BA               	goto	l1692
   780                           	line	181
   781                           	
   782  00BA                     l624:	
   783                           	line	184
   784                           	
   785  00BA                     l1692:	
   786                           ;ApriCancello.c: 180: }
   787                           ;ApriCancello.c: 181: }
   788                           ;ApriCancello.c: 184: if (RA1 == 0)
   789  00BA  1885               	btfsc	(41/8),(41)&7
   790  00BB  28BD               	goto	u121
   791  00BC  28BE               	goto	u120
   792  00BD                     u121:
   793  00BD  28C3               	goto	l1696
   794  00BE                     u120:
   795                           	line	186
   796                           	
   797  00BE                     l1694:	
   798                           ;ApriCancello.c: 185: {
   799                           ;ApriCancello.c: 186: STATO = 5;
   800  00BE  3005               	movlw	(05h)
   801  00BF  00F9               	movwf	(??_main+0)+0
   802  00C0  0879               	movf	(??_main+0)+0,w
   803  00C1  00F4               	movwf	(_STATO)
   804  00C2  28C3               	goto	l1696
   805                           	line	187
   806                           	
   807  00C3                     l628:	
   808                           	line	190
   809                           	
   810  00C3                     l1696:	
   811                           ;ApriCancello.c: 187: }
   812                           ;ApriCancello.c: 190: if (RA4 == 0)
   813  00C3  1A05               	btfsc	(44/8),(44)&7
   814  00C4  28C6               	goto	u131
   815  00C5  28C7               	goto	u130
   816  00C6                     u131:
   817  00C6  28F1               	goto	l1710
   818  00C7                     u130:
   819                           	line	193
   820                           	
   821  00C7                     l1698:	
   822                           ;ApriCancello.c: 191: {
   823                           ;ApriCancello.c: 193: RB1 = 0;
   824  00C7  1086               	bcf	(49/8),(49)&7
   825                           	line	194
   826                           ;ApriCancello.c: 194: RB2 = 0;
   827  00C8  1106               	bcf	(50/8),(50)&7
   828                           	line	196
   829                           ;ApriCancello.c: 196: RB0 = 0;
   830  00C9  1006               	bcf	(48/8),(48)&7
   831                           	line	197
   832                           ;ApriCancello.c: 197: STATO = 0;
   833  00CA  01F4               	clrf	(_STATO)
   834  00CB  28F1               	goto	l1710
   835                           	line	198
   836                           	
   837  00CC                     l629:	
   838                           	line	199
   839                           ;ApriCancello.c: 198: }
   840                           ;ApriCancello.c: 199: break;
   841  00CC  28F1               	goto	l1710
   842                           	line	201
   843                           ;ApriCancello.c: 201: case 4:
   844                           	
   845  00CD                     l630:	
   846                           	line	203
   847                           ;ApriCancello.c: 203: RB1 = 0;
   848  00CD  1283               	bcf	status, 5	;RP0=0, select bank0
   849  00CE  1303               	bcf	status, 6	;RP1=0, select bank0
   850  00CF  1086               	bcf	(49/8),(49)&7
   851                           	line	204
   852                           ;ApriCancello.c: 204: RB2 = 0;
   853  00D0  1106               	bcf	(50/8),(50)&7
   854                           	line	207
   855                           	
   856  00D1                     l1700:	
   857                           ;ApriCancello.c: 207: if (ACT_TMR0 == 0)
   858  00D1  0871               	movf	((_ACT_TMR0+1)),w
   859  00D2  0470               	iorwf	((_ACT_TMR0)),w
   860  00D3  1D03               	skipz
   861  00D4  28D6               	goto	u141
   862  00D5  28D7               	goto	u140
   863  00D6                     u141:
   864  00D6  28F1               	goto	l1710
   865  00D7                     u140:
   866                           	line	209
   867                           	
   868  00D7                     l1702:	
   869                           ;ApriCancello.c: 208: {
   870                           ;ApriCancello.c: 209: ACT_TMR0 = 200;
   871  00D7  30C8               	movlw	low(0C8h)
   872  00D8  00F0               	movwf	(_ACT_TMR0)
   873  00D9  3000               	movlw	high(0C8h)
   874  00DA  00F1               	movwf	((_ACT_TMR0))+1
   875                           	line	210
   876                           	
   877  00DB                     l1704:	
   878                           ;ApriCancello.c: 210: STATO = 1;
   879  00DB  01F4               	clrf	(_STATO)
   880  00DC  1403               	bsf	status,0
   881  00DD  0DF4               	rlf	(_STATO),f
   882  00DE  28F1               	goto	l1710
   883                           	line	211
   884                           	
   885  00DF                     l631:	
   886                           	line	212
   887                           ;ApriCancello.c: 211: }
   888                           ;ApriCancello.c: 212: break;
   889  00DF  28F1               	goto	l1710
   890                           	line	214
   891                           ;ApriCancello.c: 214: case 5:
   892                           	
   893  00E0                     l632:	
   894                           	line	216
   895                           ;ApriCancello.c: 216: RB1 = 0;
   896  00E0  1283               	bcf	status, 5	;RP0=0, select bank0
   897  00E1  1303               	bcf	status, 6	;RP1=0, select bank0
   898  00E2  1086               	bcf	(49/8),(49)&7
   899                           	line	217
   900                           ;ApriCancello.c: 217: RB2 = 0;
   901  00E3  1106               	bcf	(50/8),(50)&7
   902                           	line	220
   903                           ;ApriCancello.c: 220: RB0 = 1;
   904  00E4  1406               	bsf	(48/8),(48)&7
   905                           	line	223
   906                           ;ApriCancello.c: 223: if (RA0 == 1)
   907  00E5  1C05               	btfss	(40/8),(40)&7
   908  00E6  28E8               	goto	u151
   909  00E7  28E9               	goto	u150
   910  00E8                     u151:
   911  00E8  28F1               	goto	l1710
   912  00E9                     u150:
   913                           	line	225
   914                           	
   915  00E9                     l1706:	
   916                           ;ApriCancello.c: 224: {
   917                           ;ApriCancello.c: 225: STATO = 1;
   918  00E9  01F4               	clrf	(_STATO)
   919  00EA  1403               	bsf	status,0
   920  00EB  0DF4               	rlf	(_STATO),f
   921  00EC  28F1               	goto	l1710
   922                           	line	226
   923                           	
   924  00ED                     l633:	
   925                           	line	227
   926                           ;ApriCancello.c: 226: }
   927                           ;ApriCancello.c: 227: break;
   928  00ED  28F1               	goto	l1710
   929                           	line	229
   930                           ;ApriCancello.c: 229: default:
   931                           	
   932  00EE                     l634:	
   933                           	line	230
   934                           ;ApriCancello.c: 230: STATO = 0;
   935  00EE  01F4               	clrf	(_STATO)
   936                           	line	231
   937                           ;ApriCancello.c: 231: break;
   938  00EF  28F1               	goto	l1710
   939                           	line	232
   940                           	
   941  00F0                     l1708:	
   942                           ;ApriCancello.c: 232: }
   943  00F0  28F1               	goto	l1710
   944                           	line	77
   945                           	
   946  00F1                     l608:	
   947                           	
   948  00F1                     l1710:	
   949  00F1  0874               	movf	(_STATO),w
   950                           	; Switch size 1, requested type "space"
   951                           ; Number of cases is 6, Range of values is 0 to 5
   952                           ; switch strategies available:
   953                           ; Name         Instructions Cycles
   954                           ; direct_byte           19     7 (fixed)
   955                           ; simple_byte           19    10 (average)
   956                           ; jumptable            260     6 (fixed)
   957                           ; rangetable            10     6 (fixed)
   958                           ; spacedrange           18     9 (fixed)
   959                           ; locatedrange           6     3 (fixed)
   960                           ;	Chosen strategy is direct_byte
   961                           
   962  00F2  0084               	movwf fsr
   963  00F3  3006               	movlw	6
   964  00F4  0204               	subwf	fsr,w
   965  00F5  1803               skipnc
   966  00F6  28EE               goto l634
   967  00F7  3001               movlw high(S2604)
   968  00F8  008A               movwf pclath
   969  00F9  1003               	clrc
   970  00FA  0D04               	rlf fsr,w
   971  00FB  3E2D               	addlw low(S2604)
   972  00FC  0082               	movwf pc
   973                           psect	swtext1,local,class=CONST,delta=2
   974                           global __pswtext1
   975  012D                     __pswtext1:
   976  012D                     S2604:
   977  012D  118A  2832         	ljmp	l609
   978  012F  118A  283F         	ljmp	l612
   979  0131  118A  2872         	ljmp	l618
   980  0133  118A  288D         	ljmp	l621
   981  0135  118A  28CD         	ljmp	l630
   982  0137  118A  28E0         	ljmp	l632
   983                           psect	maintext
   984                           
   985                           	line	232
   986                           	
   987  00FD                     l611:	
   988  00FD  28F1               	goto	l1710
   989                           	line	234
   990                           	
   991  00FE                     l635:	
   992                           	line	74
   993  00FE  28F1               	goto	l1710
   994                           	
   995  00FF                     l636:	
   996                           	line	235
   997                           	
   998  00FF                     l637:	
   999                           	global	start
  1000  00FF  118A  2811         	ljmp	start
  1001                           	opt stack 0
  1002                           GLOBAL	__end_of_main
  1003  0101                     	__end_of_main:
  1004 ;; =============== function _main ends ============
  1005                           
  1006                           	signat	_main,88
  1007                           	global	_irq
  1008                           psect	text71,local,class=CODE,delta=2
  1009                           global __ptext71
  1010  0101                     __ptext71:
  1011                           
  1012 ;; *************** function _irq *****************
  1013 ;; Defined at:
  1014 ;;		line 239 in file "C:\Users\matti\Documents\Scuola\Classi\5a_AUTELT\TPS\Apertura_Cancello\Programma\ApriCancello.c"
  1015 ;; Parameters:    Size  Location     Type
  1016 ;;		None
  1017 ;; Auto vars:     Size  Location     Type
  1018 ;;		None
  1019 ;; Return value:  Size  Location     Type
  1020 ;;		None               void
  1021 ;; Registers used:
  1022 ;;		wreg
  1023 ;; Tracked objects:
  1024 ;;		On entry : 0/0
  1025 ;;		On exit  : 0/0
  1026 ;;		Unchanged: 0/0
  1027 ;; Data sizes:     COMMON   BANK0   BANK1   BANK3   BANK2
  1028 ;;      Params:         0       0       0       0       0
  1029 ;;      Locals:         0       0       0       0       0
  1030 ;;      Temps:          4       0       0       0       0
  1031 ;;      Totals:         4       0       0       0       0
  1032 ;;Total ram usage:        4 bytes
  1033 ;; Hardware stack levels used:    1
  1034 ;; This function calls:
  1035 ;;		Nothing
  1036 ;; This function is called by:
  1037 ;;		Interrupt level 1
  1038 ;; This function uses a non-reentrant model
  1039 ;;
  1040                           psect	text71
  1041                           	file	"C:\Users\matti\Documents\Scuola\Classi\5a_AUTELT\TPS\Apertura_Cancello\Programma\
                                 ApriCancello.c"
  1042                           	line	239
  1043                           	global	__size_of_irq
  1044  002C                     	__size_of_irq	equ	__end_of_irq-_irq
  1045                           	
  1046  0101                     _irq:	
  1047                           	opt	stack 7
  1048                           ; Regs used in _irq: [wreg]
  1049                           psect	intentry,class=CODE,delta=2
  1050                           global __pintentry
  1051  0004                     __pintentry:
  1052                           global interrupt_function
  1053  0004                     interrupt_function:
  1054                           	global saved_w
  1055  007E                     	saved_w	set	btemp+0
  1056  0004  00FE               	movwf	saved_w
  1057  0005  0E03               	swapf	status,w
  1058  0006  00F5               	movwf	(??_irq+0)
  1059  0007  0804               	movf	fsr0,w
  1060  0008  00F6               	movwf	(??_irq+1)
  1061  0009  080A               	movf	pclath,w
  1062  000A  00F7               	movwf	(??_irq+2)
  1063  000B  1283               	bcf	status, 5	;RP0=0, select bank0
  1064  000C  1303               	bcf	status, 6	;RP1=0, select bank0
  1065  000D  087F               	movf	btemp+1,w
  1066  000E  00F8               	movwf	(??_irq+3)
  1067  000F  118A  2901         	ljmp	_irq
  1068                           psect	text71
  1069                           	line	241
  1070                           	
  1071  0101                     i1l1716:	
  1072                           ;ApriCancello.c: 241: if (TMR0IF == 1)
  1073  0101  1D0B               	btfss	(90/8),(90)&7
  1074  0102  2904               	goto	u16_21
  1075  0103  2905               	goto	u16_20
  1076  0104                     u16_21:
  1077  0104  2922               	goto	i1l643
  1078  0105                     u16_20:
  1079                           	line	244
  1080                           	
  1081  0105                     i1l1718:	
  1082                           ;ApriCancello.c: 242: {
  1083                           ;ApriCancello.c: 244: TMR0IF = 0;
  1084  0105  110B               	bcf	(90/8),(90)&7
  1085                           	line	248
  1086                           	
  1087  0106                     i1l1720:	
  1088                           ;ApriCancello.c: 248: TMR0 = 60;
  1089  0106  303C               	movlw	(03Ch)
  1090  0107  0081               	movwf	(1)	;volatile
  1091                           	line	251
  1092                           ;ApriCancello.c: 251: if (LMP_TMR0 > 0)
  1093  0108  0873               	movf	(_LMP_TMR0+1),w
  1094  0109  0472               	iorwf	(_LMP_TMR0),w
  1095  010A  1903               	skipnz
  1096  010B  290D               	goto	u17_21
  1097  010C  290E               	goto	u17_20
  1098  010D                     u17_21:
  1099  010D  2914               	goto	i1l641
  1100  010E                     u17_20:
  1101                           	line	252
  1102                           	
  1103  010E                     i1l1722:	
  1104                           ;ApriCancello.c: 252: LMP_TMR0--;
  1105  010E  3001               	movlw	low(01h)
  1106  010F  02F2               	subwf	(_LMP_TMR0),f
  1107  0110  3000               	movlw	high(01h)
  1108  0111  1C03               	skipc
  1109  0112  03F3               	decf	(_LMP_TMR0+1),f
  1110  0113  02F3               	subwf	(_LMP_TMR0+1),f
  1111                           	
  1112  0114                     i1l641:	
  1113                           	line	254
  1114                           ;ApriCancello.c: 254: if (ACT_TMR0 > 0)
  1115  0114  0871               	movf	(_ACT_TMR0+1),w
  1116  0115  0470               	iorwf	(_ACT_TMR0),w
  1117  0116  1903               	skipnz
  1118  0117  2919               	goto	u18_21
  1119  0118  291A               	goto	u18_20
  1120  0119                     u18_21:
  1121  0119  2922               	goto	i1l643
  1122  011A                     u18_20:
  1123                           	line	255
  1124                           	
  1125  011A                     i1l1724:	
  1126                           ;ApriCancello.c: 255: ACT_TMR0--;
  1127  011A  3001               	movlw	low(01h)
  1128  011B  02F0               	subwf	(_ACT_TMR0),f
  1129  011C  3000               	movlw	high(01h)
  1130  011D  1C03               	skipc
  1131  011E  03F1               	decf	(_ACT_TMR0+1),f
  1132  011F  02F1               	subwf	(_ACT_TMR0+1),f
  1133  0120  2922               	goto	i1l643
  1134                           	
  1135  0121                     i1l642:	
  1136  0121  2922               	goto	i1l643
  1137                           	line	257
  1138                           	
  1139  0122                     i1l640:	
  1140                           	line	258
  1141                           	
  1142  0122                     i1l643:	
  1143  0122  0878               	movf	(??_irq+3),w
  1144  0123  00FF               	movwf	btemp+1
  1145  0124  0877               	movf	(??_irq+2),w
  1146  0125  008A               	movwf	pclath
  1147  0126  0876               	movf	(??_irq+1),w
  1148  0127  0084               	movwf	fsr0
  1149  0128  0E75               	swapf	(??_irq+0)^0FFFFFF80h,w
  1150  0129  0083               	movwf	status
  1151  012A  0EFE               	swapf	saved_w,f
  1152  012B  0E7E               	swapf	saved_w,w
  1153  012C  0009               	retfie
  1154                           	opt stack 0
  1155                           GLOBAL	__end_of_irq
  1156  012D                     	__end_of_irq:
  1157 ;; =============== function _irq ends ============
  1158                           
  1159                           	signat	_irq,88
  1160                           psect	text72,local,class=CODE,delta=2
  1161                           global __ptext72
  1162  0000                     __ptext72:
  1163                           	global	btemp
  1164  007E                     	btemp set 07Eh
  1165                           
  1166                           	DABS	1,126,2	;btemp
  1167                           	global	wtemp0
  1168  007E                     	wtemp0 set btemp


HI-TECH Software PICC Macro Assembler V9.82 build 9453 
Symbol Table                                                                                   Thu Nov 26 18:49:32 2020

                   pc 0002                    _RD 0C60                    u10 003A                    u11 0039  
                  u20 0045                    u21 0044                    u30 0057                    u31 0056  
                  u40 0060                    u41 005F                    u50 0069                    u51 0068  
                  u60 0078                    u61 0077                    u70 0083                    u71 0082  
                  u80 0093                    u81 0092                    u90 00A5                    u91 00A4  
                  _WR 0C61                    fsr 0004                   l610 003E                   l611 00FD  
                 l620 008C                   l612 003F                   l621 008D                   l613 004B  
                 l630 00CD                   l622 0099                   l614 0051                   l631 00DF  
                 l623 009F                   l615 005C                   l607 0031                   l608 00F1  
                 l632 00E0                   l624 00BA                   l616 0065                   l633 00ED  
                 l617 0071                   l609 0032                   l634 00EE                   l626 00A9  
                 l618 0072                   l635 00FE                   l627 00B9                   l619 007D  
                 l636 00FF                   l628 00C3                   l637 00FF                   l629 00CC  
                 _GIE 005F                   _RA0 0028                   _RA1 0029                   _RB0 0030  
                 _RA2 002A                   _RB1 0031                   _RA3 002B                   _RB2 0032  
                 _RA4 002C                   u100 00A9                   u101 00A8                   u110 00B1  
                 u111 00B0                   u120 00BE                   u121 00BD                   u130 00C7  
                 u131 00C6                   u140 00D7                   u141 00D6                   u150 00E9  
                 u151 00E8                   _PS0 0408                   _PS1 0409                   _PS2 040A  
                 _PSA 040B                   _irq 0101                   fsr0 0004                  S2604 012D  
                l1700 00D1                  l1620 001C                  l1702 00D7                  l1710 00F1  
                l1630 0027                  l1622 001F                  l1614 0013                  l1704 00DB  
                l1640 003A                  l1632 0028                  l1624 0022                  l1616 0017  
                l1706 00E9                  l1650 0052                  l1642 0045                  l1634 002D  
                l1626 0025                  l1618 0019                  l1708 00F0                  l1660 0065  
                l1652 0053                  l1644 0046                  l1636 002E                  l1628 0026  
                l1670 0083                  l1662 0069                  l1654 0057                  l1646 004C  
                l1638 002F                  l1680 00A0                  l1672 0093                  l1664 006C  
                l1656 005C                  l1648 0051                  l1690 00B5                  l1682 00A1  
                l1674 0094                  l1666 0078                  l1658 0060                  l1692 00BA  
                l1684 00A5                  l1676 009A                  l1668 007D                  l1694 00BE  
                l1686 00AB                  l1678 009F                  l1696 00C3                  l1688 00B1  
                l1698 00C7                  ?_irq 0075                  _T0CS 040D                  _TMR0 0001  
                _WREN 0C62                  _main 0013                  btemp 007E                  start 0011  
               ??_irq 0075                 ?_main 0075                 _EEADR 010D                 _CARRY 0018  
               _ANSEL 009B                 i1l640 0122                 i1l641 0114                 i1l642 0121  
               i1l643 0122                 u16_20 0105                 u16_21 0104                 u17_20 010E  
               u17_21 010D                 u18_20 011A                 u18_21 0119                 _PORTA 0005  
               _PORTB 0006                 _STATO 0074                 _TRISA 0085                 _TRISB 0086  
               pclath 000A                 status 0003                 wtemp0 007E          __end_of_main 0101  
              ??_main 0079                _EEDATA 010C                _EECON1 018C                _EECON2 018D  
              i1l1720 0106                i1l1722 010E                i1l1724 011A                i1l1716 0101  
              i1l1718 0105                _TMR0IE 005D                _TMR0IF 005A                saved_w 007E  
      __pcstackCOMMON 0075            __pmaintext 0013            __pintentry 0004          __size_of_irq 002C  
end_of_initialization 013E   start_initialization 0139           __end_of_irq 012D           __pbssCOMMON 0070  
           __pswtext1 012D              _ACT_TMR0 0070     interrupt_function 0004              _LMP_TMR0 0072  
            __ptext71 0101              __ptext72 0000         __size_of_main 00EE              intlevel1 0000  
          _OPTION_REG 0081  
